Archive member included because of file (symbol)

/usr/lib/gcc/avr/4.8.1/avr5/libgcc.a(_udivmodqi4.o)
                              ./clock.o (__udivmodqi4)
/usr/lib/gcc/avr/4.8.1/avr5/libgcc.a(_divmodhi4.o)
                              ./main.o (__divmodhi4)
/usr/lib/gcc/avr/4.8.1/avr5/libgcc.a(_exit.o)
                              /usr/lib/gcc/avr/4.8.1/../../../avr/lib/avr5/crtm32.o (exit)
/usr/lib/gcc/avr/4.8.1/avr5/libgcc.a(_copy_data.o)
                              ./clock.o (__do_copy_data)
/usr/lib/gcc/avr/4.8.1/avr5/libgcc.a(_clear_bss.o)
                              ./pomodoro_common.o (__do_clear_bss)
/usr/lib/gcc/avr/4.8.1/avr5/libgcc.a(_udivmodhi4.o)
                              /usr/lib/gcc/avr/4.8.1/avr5/libgcc.a(_divmodhi4.o) (__udivmodhi4)
/usr/lib/gcc/avr/4.8.1/../../../avr/lib/avr5/libc.a(fprintf.o)
                              ./pomodoro_common.o (fprintf)
/usr/lib/gcc/avr/4.8.1/../../../avr/lib/avr5/libc.a(vfprintf_std.o)
                              (vfprintf)
/usr/lib/gcc/avr/4.8.1/../../../avr/lib/avr5/libc.a(strnlen_P.o)
                              /usr/lib/gcc/avr/4.8.1/../../../avr/lib/avr5/libc.a(vfprintf_std.o) (strnlen_P)
/usr/lib/gcc/avr/4.8.1/../../../avr/lib/avr5/libc.a(strnlen.o)
                              /usr/lib/gcc/avr/4.8.1/../../../avr/lib/avr5/libc.a(vfprintf_std.o) (strnlen)
/usr/lib/gcc/avr/4.8.1/../../../avr/lib/avr5/libc.a(fputc.o)
                              /usr/lib/gcc/avr/4.8.1/../../../avr/lib/avr5/libc.a(vfprintf_std.o) (fputc)
/usr/lib/gcc/avr/4.8.1/../../../avr/lib/avr5/libc.a(ultoa_invert.o)
                              /usr/lib/gcc/avr/4.8.1/../../../avr/lib/avr5/libc.a(vfprintf_std.o) (__ultoa_invert)
/usr/lib/gcc/avr/4.8.1/avr5/libgcc.a(_prologue.o)
                              /usr/lib/gcc/avr/4.8.1/../../../avr/lib/avr5/libc.a(fprintf.o) (__prologue_saves__)
/usr/lib/gcc/avr/4.8.1/avr5/libgcc.a(_epilogue.o)
                              /usr/lib/gcc/avr/4.8.1/../../../avr/lib/avr5/libc.a(fprintf.o) (__epilogue_restores__)

Allocating common symbols
Common symbol       size              file

bufor               0x14              ./usart.o

Memory Configuration

Name             Origin             Length             Attributes
text             0x0000000000000000 0x0000000000020000 xr
data             0x0000000000800060 0x000000000000ffa0 rw !x
eeprom           0x0000000000810000 0x0000000000010000 rw !x
fuse             0x0000000000820000 0x0000000000000400 rw !x
lock             0x0000000000830000 0x0000000000000400 rw !x
signature        0x0000000000840000 0x0000000000000400 rw !x
user_signatures  0x0000000000850000 0x0000000000000400 rw !x
*default*        0x0000000000000000 0xffffffffffffffff

Linker script and memory map

LOAD /usr/lib/gcc/avr/4.8.1/../../../avr/lib/avr5/crtm32.o
LOAD ./clock.o
LOAD ./i2c.o
LOAD ./lcd.o
LOAD ./main.o
LOAD ./pomodoro_common.o
LOAD ./usart.o
START GROUP
LOAD /usr/lib/gcc/avr/4.8.1/avr5/libgcc.a
LOAD /usr/lib/gcc/avr/4.8.1/../../../avr/lib/avr5/libm.a
LOAD /usr/lib/gcc/avr/4.8.1/../../../avr/lib/avr5/libc.a
END GROUP

.hash
 *(.hash)

.dynsym
 *(.dynsym)

.dynstr
 *(.dynstr)

.gnu.version
 *(.gnu.version)

.gnu.version_d
 *(.gnu.version_d)

.gnu.version_r
 *(.gnu.version_r)

.rel.init
 *(.rel.init)

.rela.init
 *(.rela.init)

.rel.text
 *(.rel.text)
 *(.rel.text.*)
 *(.rel.gnu.linkonce.t*)

.rela.text
 *(.rela.text)
 *(.rela.text.*)
 *(.rela.gnu.linkonce.t*)

.rel.fini
 *(.rel.fini)

.rela.fini
 *(.rela.fini)

.rel.rodata
 *(.rel.rodata)
 *(.rel.rodata.*)
 *(.rel.gnu.linkonce.r*)

.rela.rodata
 *(.rela.rodata)
 *(.rela.rodata.*)
 *(.rela.gnu.linkonce.r*)

.rel.data
 *(.rel.data)
 *(.rel.data.*)
 *(.rel.gnu.linkonce.d*)

.rela.data
 *(.rela.data)
 *(.rela.data.*)
 *(.rela.gnu.linkonce.d*)

.rel.ctors
 *(.rel.ctors)

.rela.ctors
 *(.rela.ctors)

.rel.dtors
 *(.rel.dtors)

.rela.dtors
 *(.rela.dtors)

.rel.got
 *(.rel.got)

.rela.got
 *(.rela.got)

.rel.bss
 *(.rel.bss)

.rela.bss
 *(.rela.bss)

.rel.plt
 *(.rel.plt)

.rela.plt
 *(.rela.plt)

.text           0x0000000000000000      0xdce
 *(.vectors)
 .vectors       0x0000000000000000       0x54 /usr/lib/gcc/avr/4.8.1/../../../avr/lib/avr5/crtm32.o
                0x0000000000000000                __vectors
                0x0000000000000000                __vector_default
 *(.vectors)
 *(.progmem.gcc*)
                0x0000000000000054                . = ALIGN (0x2)
                0x0000000000000054                __trampolines_start = .
 *(.trampolines)
 .trampolines   0x0000000000000054        0x0 linker stubs
 *(.trampolines*)
                0x0000000000000054                __trampolines_end = .
 *(.progmem*)
                0x0000000000000054                . = ALIGN (0x2)
 *(.jumptables)
 *(.jumptables*)
 *(.lowtext)
 *(.lowtext*)
                0x0000000000000054                __ctors_start = .
 *(.ctors)
                0x0000000000000054                __ctors_end = .
                0x0000000000000054                __dtors_start = .
 *(.dtors)
                0x0000000000000054                __dtors_end = .
 SORT(*)(.ctors)
 SORT(*)(.dtors)
 *(.init0)
 .init0         0x0000000000000054        0x0 /usr/lib/gcc/avr/4.8.1/../../../avr/lib/avr5/crtm32.o
                0x0000000000000054                __init
 *(.init0)
 *(.init1)
 *(.init1)
 *(.init2)
 .init2         0x0000000000000054        0xc /usr/lib/gcc/avr/4.8.1/../../../avr/lib/avr5/crtm32.o
 *(.init2)
 *(.init3)
 *(.init3)
 *(.init4)
 .init4         0x0000000000000060       0x16 /usr/lib/gcc/avr/4.8.1/avr5/libgcc.a(_copy_data.o)
                0x0000000000000060                __do_copy_data
 .init4         0x0000000000000076       0x10 /usr/lib/gcc/avr/4.8.1/avr5/libgcc.a(_clear_bss.o)
                0x0000000000000076                __do_clear_bss
 *(.init4)
 *(.init5)
 *(.init5)
 *(.init6)
 *(.init6)
 *(.init7)
 *(.init7)
 *(.init8)
 *(.init8)
 *(.init9)
 .init9         0x0000000000000086        0x8 /usr/lib/gcc/avr/4.8.1/../../../avr/lib/avr5/crtm32.o
 *(.init9)
 *(.text)
 .text          0x000000000000008e        0x4 /usr/lib/gcc/avr/4.8.1/../../../avr/lib/avr5/crtm32.o
                0x000000000000008e                __vector_12
                0x000000000000008e                __bad_interrupt
                0x000000000000008e                __vector_6
                0x000000000000008e                __vector_3
                0x000000000000008e                __vector_11
                0x000000000000008e                __vector_17
                0x000000000000008e                __vector_19
                0x000000000000008e                __vector_7
                0x000000000000008e                __vector_5
                0x000000000000008e                __vector_4
                0x000000000000008e                __vector_9
                0x000000000000008e                __vector_15
                0x000000000000008e                __vector_8
                0x000000000000008e                __vector_14
                0x000000000000008e                __vector_10
                0x000000000000008e                __vector_16
                0x000000000000008e                __vector_18
                0x000000000000008e                __vector_20
 .text          0x0000000000000092        0x0 ./clock.o
 .text          0x0000000000000092        0x0 ./i2c.o
 .text          0x0000000000000092        0x0 ./lcd.o
 .text          0x0000000000000092        0x0 ./main.o
 .text          0x0000000000000092        0x0 ./pomodoro_common.o
 .text          0x0000000000000092        0x0 ./usart.o
 .text          0x0000000000000092        0x0 /usr/lib/gcc/avr/4.8.1/avr5/libgcc.a(_udivmodqi4.o)
 .text          0x0000000000000092        0x0 /usr/lib/gcc/avr/4.8.1/avr5/libgcc.a(_divmodhi4.o)
 .text          0x0000000000000092        0x0 /usr/lib/gcc/avr/4.8.1/avr5/libgcc.a(_exit.o)
 .text          0x0000000000000092        0x0 /usr/lib/gcc/avr/4.8.1/avr5/libgcc.a(_copy_data.o)
 .text          0x0000000000000092        0x0 /usr/lib/gcc/avr/4.8.1/avr5/libgcc.a(_clear_bss.o)
 .text          0x0000000000000092        0x0 /usr/lib/gcc/avr/4.8.1/avr5/libgcc.a(_udivmodhi4.o)
 .text          0x0000000000000092        0x0 /usr/lib/gcc/avr/4.8.1/../../../avr/lib/avr5/libc.a(fprintf.o)
 .text          0x0000000000000092        0x0 /usr/lib/gcc/avr/4.8.1/../../../avr/lib/avr5/libc.a(vfprintf_std.o)
 .text          0x0000000000000092        0x0 /usr/lib/gcc/avr/4.8.1/../../../avr/lib/avr5/libc.a(strnlen_P.o)
 .text          0x0000000000000092        0x0 /usr/lib/gcc/avr/4.8.1/../../../avr/lib/avr5/libc.a(strnlen.o)
 .text          0x0000000000000092        0x0 /usr/lib/gcc/avr/4.8.1/../../../avr/lib/avr5/libc.a(fputc.o)
 .text          0x0000000000000092        0x0 /usr/lib/gcc/avr/4.8.1/../../../avr/lib/avr5/libc.a(ultoa_invert.o)
 .text          0x0000000000000092        0x0 /usr/lib/gcc/avr/4.8.1/avr5/libgcc.a(_prologue.o)
 .text          0x0000000000000092        0x0 /usr/lib/gcc/avr/4.8.1/avr5/libgcc.a(_epilogue.o)
                0x0000000000000092                . = ALIGN (0x2)
 *(.text.*)
 .text.bcd2dec  0x0000000000000092       0x12 ./clock.o
                0x0000000000000092                bcd2dec
 .text.dec2bcd  0x00000000000000a4       0x14 ./clock.o
                0x00000000000000a4                dec2bcd
 .text.set_time
                0x00000000000000b8       0x42 ./clock.o
                0x00000000000000b8                set_time
 .text.get_time
                0x00000000000000fa       0x66 ./clock.o
                0x00000000000000fa                get_time
 .text.set_clock_interrupt
                0x0000000000000160       0x10 ./clock.o
                0x0000000000000160                set_clock_interrupt
 .text.i2c_start
                0x0000000000000170        0xc ./i2c.o
                0x0000000000000170                i2c_start
 .text.i2c_stop
                0x000000000000017c        0xc ./i2c.o
                0x000000000000017c                i2c_stop
 .text.i2c_write
                0x0000000000000188        0xe ./i2c.o
                0x0000000000000188                i2c_write
 .text.i2c_read
                0x0000000000000196       0x16 ./i2c.o
                0x0000000000000196                i2c_read
 .text.i2c_init
                0x00000000000001ac        0x6 ./i2c.o
                0x00000000000001ac                i2c_init
 .text.lcd_write_instr
                0x00000000000001b2       0x58 ./lcd.o
                0x00000000000001b2                lcd_write_instr
 .text.lcd_init
                0x000000000000020a       0x64 ./lcd.o
                0x000000000000020a                lcd_init
 .text.lcd_clear
                0x000000000000026e        0x6 ./lcd.o
                0x000000000000026e                lcd_clear
 .text.lcd_write_data
                0x0000000000000274       0x56 ./lcd.o
                0x0000000000000274                lcd_write_data
 .text.lcd_putc
                0x00000000000002ca        0xa ./lcd.o
                0x00000000000002ca                lcd_putc
 .text.lcd_set_xy
                0x00000000000002d4        0xe ./lcd.o
                0x00000000000002d4                lcd_set_xy
 .text.lcd_write_text_xy
                0x00000000000002e2       0x4e ./lcd.o
                0x00000000000002e2                lcd_write_text_xy
 .text.set_button_interrupt
                0x0000000000000330       0x14 ./main.o
                0x0000000000000330                set_button_interrupt
 .text.__vector_1
                0x0000000000000344       0x4c ./main.o
                0x0000000000000344                __vector_1
 .text.__vector_2
                0x0000000000000390       0x7c ./main.o
                0x0000000000000390                __vector_2
 .text.startup.main
                0x000000000000040c       0x32 ./main.o
                0x000000000000040c                main
 .text.clear_time_data
                0x000000000000043e       0x1e ./pomodoro_common.o
                0x000000000000043e                clear_time_data
 .text.print_time_mode
                0x000000000000045c       0x5e ./pomodoro_common.o
                0x000000000000045c                print_time_mode
 .text.print_work_break_lengths
                0x00000000000004ba       0x5e ./pomodoro_common.o
                0x00000000000004ba                print_work_break_lengths
 .text.init_beeper
                0x0000000000000518        0xa ./pomodoro_common.o
                0x0000000000000518                init_beeper
 .text.beep     0x0000000000000522       0x2a ./pomodoro_common.o
                0x0000000000000522                beep
 .text.light_on
                0x000000000000054c        0x6 ./pomodoro_common.o
                0x000000000000054c                light_on
 .text.maybe_next_phase
                0x0000000000000552       0xce ./pomodoro_common.o
                0x0000000000000552                maybe_next_phase
 .text.light_off
                0x0000000000000620        0x4 ./pomodoro_common.o
                0x0000000000000620                light_off
 .text.USART_Init
                0x0000000000000624       0x10 ./usart.o
                0x0000000000000624                USART_Init
 .text.USART_Transmit
                0x0000000000000634        0x8 ./usart.o
                0x0000000000000634                USART_Transmit
 .text.USART_send_text
                0x000000000000063c       0x3c ./usart.o
                0x000000000000063c                USART_send_text
 .text.USART_Receive
                0x0000000000000678        0x8 ./usart.o
                0x0000000000000678                USART_Receive
 .text.__vector_13
                0x0000000000000680      0x160 ./usart.o
                0x0000000000000680                __vector_13
 .text.libgcc.mul
                0x00000000000007e0        0x0 /usr/lib/gcc/avr/4.8.1/avr5/libgcc.a(_udivmodqi4.o)
 .text.libgcc.div
                0x00000000000007e0       0x18 /usr/lib/gcc/avr/4.8.1/avr5/libgcc.a(_udivmodqi4.o)
                0x00000000000007e0                __udivmodqi4
 .text.libgcc   0x00000000000007f8        0x0 /usr/lib/gcc/avr/4.8.1/avr5/libgcc.a(_udivmodqi4.o)
 .text.libgcc.prologue
                0x00000000000007f8        0x0 /usr/lib/gcc/avr/4.8.1/avr5/libgcc.a(_udivmodqi4.o)
 .text.libgcc.builtins
                0x00000000000007f8        0x0 /usr/lib/gcc/avr/4.8.1/avr5/libgcc.a(_udivmodqi4.o)
 .text.libgcc.fmul
                0x00000000000007f8        0x0 /usr/lib/gcc/avr/4.8.1/avr5/libgcc.a(_udivmodqi4.o)
 .text.libgcc.fixed
                0x00000000000007f8        0x0 /usr/lib/gcc/avr/4.8.1/avr5/libgcc.a(_udivmodqi4.o)
 .text.libgcc.mul
                0x00000000000007f8        0x0 /usr/lib/gcc/avr/4.8.1/avr5/libgcc.a(_divmodhi4.o)
 .text.libgcc.div
                0x00000000000007f8       0x28 /usr/lib/gcc/avr/4.8.1/avr5/libgcc.a(_divmodhi4.o)
                0x00000000000007f8                __divmodhi4
                0x00000000000007f8                _div
 .text.libgcc   0x0000000000000820        0x0 /usr/lib/gcc/avr/4.8.1/avr5/libgcc.a(_divmodhi4.o)
 .text.libgcc.prologue
                0x0000000000000820        0x0 /usr/lib/gcc/avr/4.8.1/avr5/libgcc.a(_divmodhi4.o)
 .text.libgcc.builtins
                0x0000000000000820        0x0 /usr/lib/gcc/avr/4.8.1/avr5/libgcc.a(_divmodhi4.o)
 .text.libgcc.fmul
                0x0000000000000820        0x0 /usr/lib/gcc/avr/4.8.1/avr5/libgcc.a(_divmodhi4.o)
 .text.libgcc.fixed
                0x0000000000000820        0x0 /usr/lib/gcc/avr/4.8.1/avr5/libgcc.a(_divmodhi4.o)
 .text.libgcc.mul
                0x0000000000000820        0x0 /usr/lib/gcc/avr/4.8.1/avr5/libgcc.a(_exit.o)
 .text.libgcc.div
                0x0000000000000820        0x0 /usr/lib/gcc/avr/4.8.1/avr5/libgcc.a(_exit.o)
 .text.libgcc   0x0000000000000820        0x0 /usr/lib/gcc/avr/4.8.1/avr5/libgcc.a(_exit.o)
 .text.libgcc.prologue
                0x0000000000000820        0x0 /usr/lib/gcc/avr/4.8.1/avr5/libgcc.a(_exit.o)
 .text.libgcc.builtins
                0x0000000000000820        0x0 /usr/lib/gcc/avr/4.8.1/avr5/libgcc.a(_exit.o)
 .text.libgcc.fmul
                0x0000000000000820        0x0 /usr/lib/gcc/avr/4.8.1/avr5/libgcc.a(_exit.o)
 .text.libgcc.fixed
                0x0000000000000820        0x0 /usr/lib/gcc/avr/4.8.1/avr5/libgcc.a(_exit.o)
 .text.libgcc.mul
                0x0000000000000820        0x0 /usr/lib/gcc/avr/4.8.1/avr5/libgcc.a(_copy_data.o)
 .text.libgcc.div
                0x0000000000000820        0x0 /usr/lib/gcc/avr/4.8.1/avr5/libgcc.a(_copy_data.o)
 .text.libgcc   0x0000000000000820        0x0 /usr/lib/gcc/avr/4.8.1/avr5/libgcc.a(_copy_data.o)
 .text.libgcc.prologue
                0x0000000000000820        0x0 /usr/lib/gcc/avr/4.8.1/avr5/libgcc.a(_copy_data.o)
 .text.libgcc.builtins
                0x0000000000000820        0x0 /usr/lib/gcc/avr/4.8.1/avr5/libgcc.a(_copy_data.o)
 .text.libgcc.fmul
                0x0000000000000820        0x0 /usr/lib/gcc/avr/4.8.1/avr5/libgcc.a(_copy_data.o)
 .text.libgcc.fixed
                0x0000000000000820        0x0 /usr/lib/gcc/avr/4.8.1/avr5/libgcc.a(_copy_data.o)
 .text.libgcc.mul
                0x0000000000000820        0x0 /usr/lib/gcc/avr/4.8.1/avr5/libgcc.a(_clear_bss.o)
 .text.libgcc.div
                0x0000000000000820        0x0 /usr/lib/gcc/avr/4.8.1/avr5/libgcc.a(_clear_bss.o)
 .text.libgcc   0x0000000000000820        0x0 /usr/lib/gcc/avr/4.8.1/avr5/libgcc.a(_clear_bss.o)
 .text.libgcc.prologue
                0x0000000000000820        0x0 /usr/lib/gcc/avr/4.8.1/avr5/libgcc.a(_clear_bss.o)
 .text.libgcc.builtins
                0x0000000000000820        0x0 /usr/lib/gcc/avr/4.8.1/avr5/libgcc.a(_clear_bss.o)
 .text.libgcc.fmul
                0x0000000000000820        0x0 /usr/lib/gcc/avr/4.8.1/avr5/libgcc.a(_clear_bss.o)
 .text.libgcc.fixed
                0x0000000000000820        0x0 /usr/lib/gcc/avr/4.8.1/avr5/libgcc.a(_clear_bss.o)
 .text.libgcc.mul
                0x0000000000000820        0x0 /usr/lib/gcc/avr/4.8.1/avr5/libgcc.a(_udivmodhi4.o)
 .text.libgcc.div
                0x0000000000000820       0x28 /usr/lib/gcc/avr/4.8.1/avr5/libgcc.a(_udivmodhi4.o)
                0x0000000000000820                __udivmodhi4
 .text.libgcc   0x0000000000000848        0x0 /usr/lib/gcc/avr/4.8.1/avr5/libgcc.a(_udivmodhi4.o)
 .text.libgcc.prologue
                0x0000000000000848        0x0 /usr/lib/gcc/avr/4.8.1/avr5/libgcc.a(_udivmodhi4.o)
 .text.libgcc.builtins
                0x0000000000000848        0x0 /usr/lib/gcc/avr/4.8.1/avr5/libgcc.a(_udivmodhi4.o)
 .text.libgcc.fmul
                0x0000000000000848        0x0 /usr/lib/gcc/avr/4.8.1/avr5/libgcc.a(_udivmodhi4.o)
 .text.libgcc.fixed
                0x0000000000000848        0x0 /usr/lib/gcc/avr/4.8.1/avr5/libgcc.a(_udivmodhi4.o)
 .text.avr-libc
                0x0000000000000848       0x24 /usr/lib/gcc/avr/4.8.1/../../../avr/lib/avr5/libc.a(fprintf.o)
                0x0000000000000848                fprintf
 .text.avr-libc
                0x000000000000086c      0x3a4 /usr/lib/gcc/avr/4.8.1/../../../avr/lib/avr5/libc.a(vfprintf_std.o)
                0x000000000000086c                vfprintf
 .text.avr-libc
                0x0000000000000c10       0x16 /usr/lib/gcc/avr/4.8.1/../../../avr/lib/avr5/libc.a(strnlen_P.o)
                0x0000000000000c10                strnlen_P
 .text.avr-libc
                0x0000000000000c26       0x16 /usr/lib/gcc/avr/4.8.1/../../../avr/lib/avr5/libc.a(strnlen.o)
                0x0000000000000c26                strnlen
 .text.avr-libc
                0x0000000000000c3c       0x64 /usr/lib/gcc/avr/4.8.1/../../../avr/lib/avr5/libc.a(fputc.o)
                0x0000000000000c3c                fputc
 .text.avr-libc
                0x0000000000000ca0       0xbc /usr/lib/gcc/avr/4.8.1/../../../avr/lib/avr5/libc.a(ultoa_invert.o)
                0x0000000000000ca0                __ultoa_invert
 .text.libgcc.mul
                0x0000000000000d5c        0x0 /usr/lib/gcc/avr/4.8.1/avr5/libgcc.a(_prologue.o)
 .text.libgcc.div
                0x0000000000000d5c        0x0 /usr/lib/gcc/avr/4.8.1/avr5/libgcc.a(_prologue.o)
 .text.libgcc   0x0000000000000d5c        0x0 /usr/lib/gcc/avr/4.8.1/avr5/libgcc.a(_prologue.o)
 .text.libgcc.prologue
                0x0000000000000d5c       0x38 /usr/lib/gcc/avr/4.8.1/avr5/libgcc.a(_prologue.o)
                0x0000000000000d5c                __prologue_saves__
 .text.libgcc.builtins
                0x0000000000000d94        0x0 /usr/lib/gcc/avr/4.8.1/avr5/libgcc.a(_prologue.o)
 .text.libgcc.fmul
                0x0000000000000d94        0x0 /usr/lib/gcc/avr/4.8.1/avr5/libgcc.a(_prologue.o)
 .text.libgcc.fixed
                0x0000000000000d94        0x0 /usr/lib/gcc/avr/4.8.1/avr5/libgcc.a(_prologue.o)
 .text.libgcc.mul
                0x0000000000000d94        0x0 /usr/lib/gcc/avr/4.8.1/avr5/libgcc.a(_epilogue.o)
 .text.libgcc.div
                0x0000000000000d94        0x0 /usr/lib/gcc/avr/4.8.1/avr5/libgcc.a(_epilogue.o)
 .text.libgcc   0x0000000000000d94        0x0 /usr/lib/gcc/avr/4.8.1/avr5/libgcc.a(_epilogue.o)
 .text.libgcc.prologue
                0x0000000000000d94       0x36 /usr/lib/gcc/avr/4.8.1/avr5/libgcc.a(_epilogue.o)
                0x0000000000000d94                __epilogue_restores__
 .text.libgcc.builtins
                0x0000000000000dca        0x0 /usr/lib/gcc/avr/4.8.1/avr5/libgcc.a(_epilogue.o)
 .text.libgcc.fmul
                0x0000000000000dca        0x0 /usr/lib/gcc/avr/4.8.1/avr5/libgcc.a(_epilogue.o)
 .text.libgcc.fixed
                0x0000000000000dca        0x0 /usr/lib/gcc/avr/4.8.1/avr5/libgcc.a(_epilogue.o)
                0x0000000000000dca                . = ALIGN (0x2)
 *(.fini9)
 .fini9         0x0000000000000dca        0x0 /usr/lib/gcc/avr/4.8.1/avr5/libgcc.a(_exit.o)
                0x0000000000000dca                exit
                0x0000000000000dca                _exit
 *(.fini9)
 *(.fini8)
 *(.fini8)
 *(.fini7)
 *(.fini7)
 *(.fini6)
 *(.fini6)
 *(.fini5)
 *(.fini5)
 *(.fini4)
 *(.fini4)
 *(.fini3)
 *(.fini3)
 *(.fini2)
 *(.fini2)
 *(.fini1)
 *(.fini1)
 *(.fini0)
 .fini0         0x0000000000000dca        0x4 /usr/lib/gcc/avr/4.8.1/avr5/libgcc.a(_exit.o)
 *(.fini0)
                0x0000000000000dce                _etext = .

.data           0x0000000000800060      0x11e load address 0x0000000000000dce
                0x0000000000800060                PROVIDE (__data_start, .)
 *(.data)
 .data          0x0000000000800060        0x0 /usr/lib/gcc/avr/4.8.1/../../../avr/lib/avr5/crtm32.o
 .data          0x0000000000800060        0x0 ./clock.o
 .data          0x0000000000800060        0x0 ./i2c.o
 .data          0x0000000000800060        0x0 ./lcd.o
 .data          0x0000000000800060        0x0 ./main.o
 .data          0x0000000000800060        0x0 ./pomodoro_common.o
 .data          0x0000000000800060        0x0 ./usart.o
 .data          0x0000000000800060        0x0 /usr/lib/gcc/avr/4.8.1/avr5/libgcc.a(_udivmodqi4.o)
 .data          0x0000000000800060        0x0 /usr/lib/gcc/avr/4.8.1/avr5/libgcc.a(_divmodhi4.o)
 .data          0x0000000000800060        0x0 /usr/lib/gcc/avr/4.8.1/avr5/libgcc.a(_exit.o)
 .data          0x0000000000800060        0x0 /usr/lib/gcc/avr/4.8.1/avr5/libgcc.a(_copy_data.o)
 .data          0x0000000000800060        0x0 /usr/lib/gcc/avr/4.8.1/avr5/libgcc.a(_clear_bss.o)
 .data          0x0000000000800060        0x0 /usr/lib/gcc/avr/4.8.1/avr5/libgcc.a(_udivmodhi4.o)
 .data          0x0000000000800060        0x0 /usr/lib/gcc/avr/4.8.1/../../../avr/lib/avr5/libc.a(fprintf.o)
 .data          0x0000000000800060        0x0 /usr/lib/gcc/avr/4.8.1/../../../avr/lib/avr5/libc.a(vfprintf_std.o)
 .data          0x0000000000800060        0x0 /usr/lib/gcc/avr/4.8.1/../../../avr/lib/avr5/libc.a(strnlen_P.o)
 .data          0x0000000000800060        0x0 /usr/lib/gcc/avr/4.8.1/../../../avr/lib/avr5/libc.a(strnlen.o)
 .data          0x0000000000800060        0x0 /usr/lib/gcc/avr/4.8.1/../../../avr/lib/avr5/libc.a(fputc.o)
 .data          0x0000000000800060        0x0 /usr/lib/gcc/avr/4.8.1/../../../avr/lib/avr5/libc.a(ultoa_invert.o)
 .data          0x0000000000800060        0x0 /usr/lib/gcc/avr/4.8.1/avr5/libgcc.a(_prologue.o)
 .data          0x0000000000800060        0x0 /usr/lib/gcc/avr/4.8.1/avr5/libgcc.a(_epilogue.o)
 *(.data*)
 .data.dni_tygodnia
                0x0000000000800060        0xe ./clock.o
                0x0000000000800060                dni_tygodnia
 .data.init_time_data
                0x000000000080006e        0x7 ./clock.o
                0x000000000080006e                init_time_data
 .data.time_data
                0x0000000000800075        0x7 ./clock.o
                0x0000000000800075                time_data
 .data.lcd_stream
                0x000000000080007c        0xe ./lcd.o
                0x000000000080007c                lcd_stream
 .data.phase_minutes
                0x000000000080008a        0x4 ./pomodoro_common.o
                0x000000000080008a                phase_minutes
 .data.modes    0x000000000080008e        0xe ./pomodoro_common.o
                0x000000000080008e                modes
 *(.rodata)
 *(.rodata*)
 .rodata.str1.1
                0x000000000080009c       0x1c ./clock.o
 .rodata.str1.1
                0x00000000008000b8       0x52 ./pomodoro_common.o
 .rodata.str1.1
                0x000000000080010a       0x74 ./usart.o
 *(.gnu.linkonce.d*)
                0x000000000080017e                . = ALIGN (0x2)
                0x000000000080017e                _edata = .
                0x000000000080017e                PROVIDE (__data_end, .)

.bss            0x000000000080017e       0x1c
                0x000000000080017e                PROVIDE (__bss_start, .)
 *(.bss)
 .bss           0x000000000080017e        0x0 /usr/lib/gcc/avr/4.8.1/../../../avr/lib/avr5/crtm32.o
 .bss           0x000000000080017e        0x0 ./clock.o
 .bss           0x000000000080017e        0x0 ./i2c.o
 .bss           0x000000000080017e        0x0 ./lcd.o
 .bss           0x000000000080017e        0x0 ./main.o
 .bss           0x000000000080017e        0x0 ./pomodoro_common.o
 .bss           0x000000000080017e        0x0 ./usart.o
 .bss           0x000000000080017e        0x0 /usr/lib/gcc/avr/4.8.1/avr5/libgcc.a(_udivmodqi4.o)
 .bss           0x000000000080017e        0x0 /usr/lib/gcc/avr/4.8.1/avr5/libgcc.a(_divmodhi4.o)
 .bss           0x000000000080017e        0x0 /usr/lib/gcc/avr/4.8.1/avr5/libgcc.a(_exit.o)
 .bss           0x000000000080017e        0x0 /usr/lib/gcc/avr/4.8.1/avr5/libgcc.a(_copy_data.o)
 .bss           0x000000000080017e        0x0 /usr/lib/gcc/avr/4.8.1/avr5/libgcc.a(_clear_bss.o)
 .bss           0x000000000080017e        0x0 /usr/lib/gcc/avr/4.8.1/avr5/libgcc.a(_udivmodhi4.o)
 .bss           0x000000000080017e        0x0 /usr/lib/gcc/avr/4.8.1/../../../avr/lib/avr5/libc.a(fprintf.o)
 .bss           0x000000000080017e        0x0 /usr/lib/gcc/avr/4.8.1/../../../avr/lib/avr5/libc.a(vfprintf_std.o)
 .bss           0x000000000080017e        0x0 /usr/lib/gcc/avr/4.8.1/../../../avr/lib/avr5/libc.a(strnlen_P.o)
 .bss           0x000000000080017e        0x0 /usr/lib/gcc/avr/4.8.1/../../../avr/lib/avr5/libc.a(strnlen.o)
 .bss           0x000000000080017e        0x0 /usr/lib/gcc/avr/4.8.1/../../../avr/lib/avr5/libc.a(fputc.o)
 .bss           0x000000000080017e        0x0 /usr/lib/gcc/avr/4.8.1/../../../avr/lib/avr5/libc.a(ultoa_invert.o)
 .bss           0x000000000080017e        0x0 /usr/lib/gcc/avr/4.8.1/avr5/libgcc.a(_prologue.o)
 .bss           0x000000000080017e        0x0 /usr/lib/gcc/avr/4.8.1/avr5/libgcc.a(_epilogue.o)
 *(.bss*)
 .bss.phase_seconds
                0x000000000080017e        0x4 ./pomodoro_common.o
                0x000000000080017e                phase_seconds
 .bss.mode      0x0000000000800182        0x2 ./pomodoro_common.o
                0x0000000000800182                mode
 .bss.i         0x0000000000800184        0x2 ./usart.o
                0x0000000000800184                i
 *(COMMON)
 COMMON         0x0000000000800186       0x14 ./usart.o
                0x0000000000800186                bufor
                0x000000000080019a                PROVIDE (__bss_end, .)
                0x0000000000000dce                __data_load_start = LOADADDR (.data)
                0x0000000000000eec                __data_load_end = (__data_load_start + SIZEOF (.data))

.noinit         0x000000000080019a        0x0
                0x000000000080019a                PROVIDE (__noinit_start, .)
 *(.noinit*)
                0x000000000080019a                PROVIDE (__noinit_end, .)
                0x000000000080019a                _end = .
                0x000000000080019a                PROVIDE (__heap_start, .)

.eeprom         0x0000000000810000        0x0
 *(.eeprom*)
                0x0000000000810000                __eeprom_end = .

.fuse
 *(.fuse)
 *(.lfuse)
 *(.hfuse)
 *(.efuse)

.lock
 *(.lock*)

.signature
 *(.signature*)

.user_signatures
 *(.user_signatures*)

.stab
 *(.stab)

.stabstr
 *(.stabstr)

.stab.excl
 *(.stab.excl)

.stab.exclstr
 *(.stab.exclstr)

.stab.index
 *(.stab.index)

.stab.indexstr
 *(.stab.indexstr)

.comment        0x0000000000000000       0x11
 *(.comment)
 .comment       0x0000000000000000       0x11 ./clock.o
                                         0x12 (size before relaxing)
 .comment       0x0000000000000000       0x12 ./i2c.o
 .comment       0x0000000000000000       0x12 ./lcd.o
 .comment       0x0000000000000000       0x12 ./main.o
 .comment       0x0000000000000000       0x12 ./pomodoro_common.o
 .comment       0x0000000000000000       0x12 ./usart.o
 .comment       0x0000000000000000       0x12 /usr/lib/gcc/avr/4.8.1/../../../avr/lib/avr5/libc.a(fprintf.o)
 .comment       0x0000000000000000       0x12 /usr/lib/gcc/avr/4.8.1/../../../avr/lib/avr5/libc.a(vfprintf_std.o)
 .comment       0x0000000000000000       0x12 /usr/lib/gcc/avr/4.8.1/../../../avr/lib/avr5/libc.a(fputc.o)

.note.gnu.build-id
 *(.note.gnu.build-id)

.debug
 *(.debug)

.line
 *(.line)

.debug_srcinfo
 *(.debug_srcinfo)

.debug_sfnames
 *(.debug_sfnames)

.debug_aranges
 *(.debug_aranges)

.debug_pubnames
 *(.debug_pubnames)

.debug_info
 *(.debug_info .gnu.linkonce.wi.*)

.debug_abbrev
 *(.debug_abbrev)

.debug_line
 *(.debug_line .debug_line.* .debug_line_end)

.debug_frame
 *(.debug_frame)

.debug_str
 *(.debug_str)

.debug_loc
 *(.debug_loc)

.debug_macinfo
 *(.debug_macinfo)

.debug_weaknames
 *(.debug_weaknames)

.debug_funcnames
 *(.debug_funcnames)

.debug_typenames
 *(.debug_typenames)

.debug_varnames
 *(.debug_varnames)

.debug_pubtypes
 *(.debug_pubtypes)

.debug_ranges
 *(.debug_ranges)

.debug_macro
 *(.debug_macro)
OUTPUT(projekt.elf elf32-avr)
LOAD linker stubs
